
Docker uninstallation cmd:

> yum remove docker \
                  docker-client \
                  docker-client-latest \
                  docker-common \
                  docker-latest \
                  docker-latest-logrotate \
                  docker-logrotate \
                  docker-selinux \
                  docker-engine-selinux \
                  docker-engine
                 
                 
                 
Reference: https://docs.docker.com/install/linux/docker-ee/centos/

[root@localhost ~]# yum list install | grep docker

[root@localhost ~]# yum remove containerd.io.x86_64


Installation of openshift:


hostname:
[root@localhost ~]# hostname
localhost.localdomain

setup hostname:
[root@localhost ~]# hostnamectl set-hostname babu.example.com

verify:
[root@localhost ~]# ping babu.example.com


This howto guide shows youâ€™ll how to enable EPEL repository under RHEL/CentOS 6/5 to install additional standard open source packages by using YUM command.

To listout packages:
> [root@localhost ~]# yum repolist

Downloading additional package for cloud:

## RHEL/CentOS 7 64-Bit ##
> wget http://dl.fedoraproject.org/pub/epel/epel-release-latest-7.noarch.rpm
> rpm -ivh epel-release-latest-7.noarch.rpm

To update the packages for centos:
> yum update


[root@babu ~]# ssh 192.168.122.5
[root@babu ~]# ssh-keygen
press enter 3 times
ssh key generated.

Send the generated ssh key to different nodes/hosts

[root@babu ~]# ssh-copy-id babu.example.com

[root@babu ~]# ssh babu.example.com

  Install the following base packages:

    # yum install  -y wget git net-tools bind-utils yum-utils iptables-services bridge-utils bash-completion kexec-tools sos psacct
    
epel update:

[root@babu ~]# yum -y install                     https://dl.fedoraproject.org/pub/epel/epel-release-latest-7.noarch.rpm
  
 etcdctl -> to connect master node to execute cmds

Disable the EPEL repository globally so that it is not accidentally used during later steps of the installation:

                # sed -i -e "s/^enabled=1/enabled=0/" /etc/yum.repos.d/epel.repo

Install the packages for Ansible:

                # yum -y --enablerepo=epel install ansible pyOpenSSL
                
remove docker: [if you have any issue/errors]
[root@babu openshift-ansible]# yum remove docker*

Install Docker 1.13:

    # yum install docker-1.13.1

    Verify that version 1.13 was installed:

    # rpm -V docker-1.13.1
    # docker version

Start or restart Docker.

    If Docker has never run on the host, enable and start the service, then verify that it is running:

    # systemctl enable docker
    # systemctl start docker
    # systemctl is-active docker
 










